Script started on Tue 21 Oct 2014 08:52:34 PM PDT
~
khuan013@hammer $ #Kenneth Huang 860993337
~
khuan013@hammer $ #this[K[K[K[KThis is my exec.script to testl hw0 rshell
~
khuan013@hammer $ cd
~
khuan013@hammer $ cd rshell
~/rshell
khuan013@hammer $ ls
LICENSE  Makefile  README.md  [0m[01;34msrc[0m/  [01;34mtests[0m/
[m~/rshell
khuan013@hammer $ #Testing Makefile
~/rshell
khuan013@hammer $ make all
mkdir -p bin
cd src && g++ -Wall -Werror -ansi -pedantic -o rshell rshell.cpp &&\
	mv rshell ../bin
~/rshell
khuan013@hammer $ ls
[0m[01;34mbin[0m/  LICENSE  Makefile  README.md  [01;34msrc[0m/  [01;34mtests[0m/
[m~/rshell
khuan013@hammer $ #attempting to r[K[K[K[K[K[K[K[K[K[K[K[K[K[K[KAttempting to run the [K[K[K[Kprogram
~/rshell
khuan013@hammer $ bin/rshell
khuan013@hammer.cs.ucr.edu$ #Testing comments at the beginning of input
khuan013@hammer.cs.ucr.edu$ #Testing simple commands
khuan013@hammer.cs.ucr.edu$ ls
bin  LICENSE  Makefile	README.md  src	tests
khuan013@hammer.cs.ucr.edu$ pwd
/home/csmajs/khuan013/rshell
khuan013@hammer.cs.ucr.edu$ #Testing ls with arguments
khuan013@hammer.cs.ucr.edu$ ls -l
total 24
drwx------ 2 khuan013 csmajs 4096 Oct 21 20:53 bin
-rw------- 1 khuan013 csmajs 1076 Oct 21 20:51 LICENSE
-rw------- 1 khuan013 csmajs  181 Oct 21 20:51 Makefile
-rw------- 1 khuan013 csmajs 1338 Oct 21 20:51 README.md
drwx------ 2 khuan013 csmajs 4096 Oct 21 20:53 src
drwx------ 2 khuan013 csmajs 4096 Oct 21 20:52 tests
khuan013@hammer.cs.ucr.edu$ ls -a -l
total 36
drwx------  6 khuan013 csmajs 4096 Oct 21 20:53 .
drwx------ 33 khuan013 csmajs 4096 Oct 21 20:51 ..
drwx------  2 khuan013 csmajs 4096 Oct 21 20:53 bin
drwx------  8 khuan013 csmajs 4096 Oct 21 20:51 .git
-rw-------  1 khuan013 csmajs 1076 Oct 21 20:51 LICENSE
-rw-------  1 khuan013 csmajs  181 Oct 21 20:51 Makefile
-rw-------  1 khuan013 csmajs 1338 Oct 21 20:51 README.md
drwx------  2 khuan013 csmajs 4096 Oct 21 20:53 src
drwx------  2 khuan013 csmajs 4096 Oct 21 20:52 tests
khuan013@hammer.cs.ucr.edu$ ls - al   al
total 36
drwx------  6 khuan013 csmajs 4096 Oct 21 20:53 .
drwx------ 33 khuan013 csmajs 4096 Oct 21 20:51 ..
drwx------  2 khuan013 csmajs 4096 Oct 21 20:53 bin
drwx------  8 khuan013 csmajs 4096 Oct 21 20:51 .git
-rw-------  1 khuan013 csmajs 1076 Oct 21 20:51 LICENSE
-rw-------  1 khuan013 csmajs  181 Oct 21 20:51 Makefile
-rw-------  1 khuan013 csmajs 1338 Oct 21 20:51 README.md
drwx------  2 khuan013 csmajs 4096 Oct 21 20:53 src
drwx------  2 khuan013 csmajs 4096 Oct 21 20:52 tests
khuan013@hammer.cs.ucr.edu$ #Testing echo
khuan013@hammer.cs.ucr.edu$ echo HELLO
HELLO
khuan013@hammer.cs.ucr.edu$ echo Hello world!!!
Hello world!!!
khuan013@hammer.cs.ucr.edu$ echo This is testing come ments #should not be see   echoed
This is testing comments
khuan013@hammer.cs.ucr.edu$ #Testing the ; connector
khuan013@hammer.cs.ucr.edu$ kslowd'       ls;pwd
bin  LICENSE  Makefile	README.md  src	tests
/home/csmajs/khuan013/rshell
khuan013@hammer.cs.ucr.edu$ ls ; pwd
bin  LICENSE  Makefile	README.md  src	tests
/home/csmajs/khuan013/rshell
khuan013@hammer.cs.ucr.edu$ ls;;pwd
bin  LICENSE  Makefile	README.md  src	tests
/home/csmajs/khuan013/rshell
khuan013@hammer.cs.ucr.edu$ ls -la; pwd; ls
total 36
drwx------  6 khuan013 csmajs 4096 Oct 21 20:53 .
drwx------ 33 khuan013 csmajs 4096 Oct 21 20:51 ..
drwx------  2 khuan013 csmajs 4096 Oct 21 20:53 bin
drwx------  8 khuan013 csmajs 4096 Oct 21 20:51 .git
-rw-------  1 khuan013 csmajs 1076 Oct 21 20:51 LICENSE
-rw-------  1 khuan013 csmajs  181 Oct 21 20:51 Makefile
-rw-------  1 khuan013 csmajs 1338 Oct 21 20:51 README.md
drwx------  2 khuan013 csmajs 4096 Oct 21 20:53 src
drwx------  2 khuan013 csmajs 4096 Oct 21 20:52 tests
/home/csmajs/khuan013/rshell
bin  LICENSE  Makefile	README.md  src	tests
khuan013@hammer.cs.ucr.edu$ ;;;ls
bin  LICENSE  Makefile	README.md  src	tests
khuan013@hammer.cs.ucr.edu$ ls;;;;;
bin  LICENSE  Makefile	README.md  src	tests
khuan013@hammer.cs.ucr.edu$ #Testing the && connector
khuan013@hammer.cs.ucr.edu$ ls && pwd
bin  LICENSE  Makefile	README.md  src	tests
/home/csmajs/khuan013/rshell
khuan013@hammer.cs.ucr.edu$ ls&&pwd&& echo hello && pwd
bin  LICENSE  Makefile	README.md  src	tests
/home/csmajs/khuan013/rshell
hello
/home/csmajs/khuan013/rshell
khuan013@hammer.cs.ucr.edu$ no  ls &&     noncommand && ls
execvp: No such file or directory
khuan013@hammer.cs.ucr.edu$ pwd && noncommand && ls
/home/csmajs/khuan013/rshell
execvp: No such file or directory
khuan013@hammer.cs.ucr.edu$ #Testing the }|  || connector
khuan013@hammer.cs.ucr.edu$ ls || pwd
bin  LICENSE  Makefile	README.md  src	tests
khuan013@hammer.cs.ucr.edu$ ls || ls || pwd
bin  LICENSE  Makefile	README.md  src	tests
khuan013@hammer.cs.ucr.edu$ noncommand || pwd
execvp: No such file or directory
/home/csmajs/khuan013/rshell
khuan013@hammer.cs.ucr.edu$ noncommand || nocommand || ls -la
execvp: No such file or directory
execvp: No such file or directory
total 36
drwx------  6 khuan013 csmajs 4096 Oct 21 20:53 .
drwx------ 33 khuan013 csmajs 4096 Oct 21 20:51 ..
drwx------  2 khuan013 csmajs 4096 Oct 21 20:53 bin
drwx------  8 khuan013 csmajs 4096 Oct 21 20:51 .git
-rw-------  1 khuan013 csmajs 1076 Oct 21 20:51 LICENSE
-rw-------  1 khuan013 csmajs  181 Oct 21 20:51 Makefile
-rw-------  1 khuan013 csmajs 1338 Oct 21 20:51 README.md
drwx------  2 khuan013 csmajs 4096 Oct 21 20:53 src
drwx------  2 khuan013 csmajs 4096 Oct 21 20:52 tests
khuan013@hammer.cs.ucr.edu$ ||   pwd
/home/csmajs/khuan013/rshell
khuan013@hammer.cs.ucr.edu$ #Testing comments in the middle of commands
khuan013@hammer.cs.ucr.edu$ ls; pwd; #ls -la
bin  LICENSE  Makefile	README.md  src	tests
/home/csmajs/khuan013/rshell
khuan013@hammer.cs.ucr.edu$ @ #Attempting ro  to run rshell
khuan013@hammer.cs.ucr.edu$ bin/rshell
khuan013@hammer.cs.ucr.edu$ ls
bin  LICENSE  Makefile	README.md  src	tests
khuan013@hammer.cs.ucr.edu$ pwd
/home/csmajs/khuan013/rshell
khuan013@hammer.cs.ucr.edu$ #Testing larger input
khuan013@hammer.cs.ucr.edu$ ls; ls-la; pwd; echo HELLO EVERYONE!!!!!; pwd ; ls; pwd; ls; pwd
bin  LICENSE  Makefile	README.md  src	tests
execvp: No such file or directory
/home/csmajs/khuan013/rshell
HELLO EVERYONE!!!!!
/home/csmajs/khuan013/rshell
bin  LICENSE  Makefile	README.md  src	tests
/home/csmajs/khuan013/rshell
bin  LICENSE  Makefile	README.md  src	tests
/home/csmajs/khuan013/rshell
khuan013@hammer.cs.ucr.edu$ #Testing combining connectors
khuan013@hammer.cs.ucr.edu$ ls && powd   wd; ls -la; pwd && echo Hello!!; ls || pwd && echo Shoudln   ldn't reach here
bin  LICENSE  Makefile	README.md  src	tests
/home/csmajs/khuan013/rshell
total 36
drwx------  6 khuan013 csmajs 4096 Oct 21 20:53 .
drwx------ 33 khuan013 csmajs 4096 Oct 21 20:51 ..
drwx------  2 khuan013 csmajs 4096 Oct 21 20:53 bin
drwx------  8 khuan013 csmajs 4096 Oct 21 20:51 .git
-rw-------  1 khuan013 csmajs 1076 Oct 21 20:51 LICENSE
-rw-------  1 khuan013 csmajs  181 Oct 21 20:51 Makefile
-rw-------  1 khuan013 csmajs 1338 Oct 21 20:51 README.md
drwx------  2 khuan013 csmajs 4096 Oct 21 20:53 src
drwx------  2 khuan013 csmajs 4096 Oct 21 20:52 tests
/home/csmajs/khuan013/rshell
Hello!!
bin  LICENSE  Makefile	README.md  src	tests
khuan013@hammer.cs.ucr.edu$ #Now testing the exit handling
khuan013@hammer.cs.ucr.edu$ exit
khuan013@hammer.cs.ucr.edu$ ls
bin  LICENSE  Makefile	README.md  src	tests
khuan013@hammer.cs.ucr.edu$ #This concludes the testing script for hw0 rshell
khuan013@hammer.cs.ucr.edu$ exit
~/rshell
khuan013@hammer $ ls
[0m[01;34mbin[0m/  LICENSE  Makefile  README.md  [01;34msrc[0m/  [01;34mtests[0m/
[m~/rshell
khuan013@hammer $ #Ran rshell twice, so needed to exit twice
~/rshell
khuan013@hammer $ exit
exit

Script done on Tue 21 Oct 2014 09:06:17 PM PDT
